// Jest Snapshot v1, https://goo.gl/fbAQLP

exports[`should render ExpenseList with empty message 1`] = `
<div>
  <p>
    No Expenses
  </p>
</div>
`;

exports[`should render ExpenseList with expenses 1`] = `
<div>
  <Connect(ExpenseListItem)
    amount={195}
    createdAt={0}
    description="Gum"
    id="1"
    index={1}
    key="1"
    note=""
  />
  <Connect(ExpenseListItem)
    amount={1095}
    createdAt={-345600000}
    description="Rent"
    id="2"
    index={2}
    key="2"
    note=""
  />
  <Connect(ExpenseListItem)
    amount={4500}
    createdAt={345600000}
    description="Credit Card"
    id="3"
    index={3}
    key="3"
    note=""
  />
</div>
`;
