// Jest Snapshot v1, https://goo.gl/fbAQLP

exports[`this test if the component renders 1`] = `
<p>
  Viewing 
  undefined expenses
    totalling 
  $0.00
</p>
`;
